
> career-chatbot@0.1.0 test
> react-scripts test --watchAll=false

  console.error
    Error: Not implemented: HTMLCanvasElement.prototype.getContext (without installing the canvas npm package)
        at module.exports (C:\Users\Sunith K\OneDrive\Documents\ngo\career-chatbot\node_modules\jsdom\lib\jsdom\browser\not-implemented.js:9:17)
        at HTMLCanvasElementImpl.getContext (C:\Users\Sunith K\OneDrive\Documents\ngo\career-chatbot\node_modules\jsdom\lib\jsdom\living\nodes\HTMLCanvasElement-impl.js:42:5)
        at HTMLCanvasElement.getContext (C:\Users\Sunith K\OneDrive\Documents\ngo\career-chatbot\node_modules\jsdom\lib\jsdom\living\generated\HTMLCanvasElement.js:131:58)
        at C:\Users\Sunith K\OneDrive\Documents\ngo\career-chatbot\src\components\ParticleConstellation.jsx:12:24
        at Object.react_stack_bottom_frame (C:\Users\Sunith K\OneDrive\Documents\ngo\career-chatbot\node_modules\react-dom\cjs\react-dom-client.development.js:25989:20)
        at runWithFiberInDEV (C:\Users\Sunith K\OneDrive\Documents\ngo\career-chatbot\node_modules\react-dom\cjs\react-dom-client.development.js:874:13)
        at commitHookEffectListMount (C:\Users\Sunith K\OneDrive\Documents\ngo\career-chatbot\node_modules\react-dom\cjs\react-dom-client.development.js:13249:29)
        at commitHookPassiveMountEffects (C:\Users\Sunith K\OneDrive\Documents\ngo\career-chatbot\node_modules\react-dom\cjs\react-dom-client.development.js:13336:11)
        at commitPassiveMountOnFiber (C:\Users\Sunith K\OneDrive\Documents\ngo\career-chatbot\node_modules\react-dom\cjs\react-dom-client.development.js:15484:13)
        at recursivelyTraversePassiveMountEffects (C:\Users\Sunith K\OneDrive\Documents\ngo\career-chatbot\node_modules\react-dom\cjs\react-dom-client.development.js:15439:11)
        at commitPassiveMountOnFiber (C:\Users\Sunith K\OneDrive\Documents\ngo\career-chatbot\node_modules\react-dom\cjs\react-dom-client.development.js:15476:11)
        at recursivelyTraversePassiveMountEffects (C:\Users\Sunith K\OneDrive\Documents\ngo\career-chatbot\node_modules\react-dom\cjs\react-dom-client.development.js:15439:11)
        at commitPassiveMountOnFiber (C:\Users\Sunith K\OneDrive\Documents\ngo\career-chatbot\node_modules\react-dom\cjs\react-dom-client.development.js:15519:11)
        at flushPassiveEffects (C:\Users\Sunith K\OneDrive\Documents\ngo\career-chatbot\node_modules\react-dom\cjs\react-dom-client.development.js:18432:9)
        at C:\Users\Sunith K\OneDrive\Documents\ngo\career-chatbot\node_modules\react-dom\cjs\react-dom-client.development.js:17923:15
        at flushActQueue (C:\Users\Sunith K\OneDrive\Documents\ngo\career-chatbot\node_modules\react\cjs\react.development.js:590:34)
        at Object.<anonymous>.process.env.NODE_ENV.exports.act (C:\Users\Sunith K\OneDrive\Documents\ngo\career-chatbot\node_modules\react\cjs\react.development.js:884:10)
        at C:\Users\Sunith K\OneDrive\Documents\ngo\career-chatbot\node_modules\@testing-library\react\dist\act-compat.js:46:25
        at renderRoot (C:\Users\Sunith K\OneDrive\Documents\ngo\career-chatbot\node_modules\@testing-library\react\dist\pure.js:189:26)
        at render (C:\Users\Sunith K\OneDrive\Documents\ngo\career-chatbot\node_modules\@testing-library\react\dist\pure.js:291:10)
        at Object.<anonymous> (C:\Users\Sunith K\OneDrive\Documents\ngo\career-chatbot\src\App.test.js:5:9)
        at Promise.then.completed (C:\Users\Sunith K\OneDrive\Documents\ngo\career-chatbot\node_modules\jest-circus\build\utils.js:391:28)
        at new Promise (<anonymous>)
        at callAsyncCircusFn (C:\Users\Sunith K\OneDrive\Documents\ngo\career-chatbot\node_modules\jest-circus\build\utils.js:316:10)
        at _callCircusTest (C:\Users\Sunith K\OneDrive\Documents\ngo\career-chatbot\node_modules\jest-circus\build\run.js:218:40)
        at processTicksAndRejections (node:internal/process/task_queues:103:5)
        at _runTest (C:\Users\Sunith K\OneDrive\Documents\ngo\career-chatbot\node_modules\jest-circus\build\run.js:155:3)
        at _runTestsForDescribeBlock (C:\Users\Sunith K\OneDrive\Documents\ngo\career-chatbot\node_modules\jest-circus\build\run.js:66:9)
        at run (C:\Users\Sunith K\OneDrive\Documents\ngo\career-chatbot\node_modules\jest-circus\build\run.js:25:3)
        at runAndTransformResultsToJestFormat (C:\Users\Sunith K\OneDrive\Documents\ngo\career-chatbot\node_modules\jest-circus\build\legacy-code-todo-rewrite\jestAdapterInit.js:170:21)
        at jestAdapter (C:\Users\Sunith K\OneDrive\Documents\ngo\career-chatbot\node_modules\jest-circus\build\legacy-code-todo-rewrite\jestAdapter.js:82:19)
        at runTestInternal (C:\Users\Sunith K\OneDrive\Documents\ngo\career-chatbot\node_modules\jest-runner\build\runTest.js:389:16)
        at runTest (C:\Users\Sunith K\OneDrive\Documents\ngo\career-chatbot\node_modules\jest-runner\build\runTest.js:475:34)
        at TestRunner.runTests (C:\Users\Sunith K\OneDrive\Documents\ngo\career-chatbot\node_modules\jest-runner\build\index.js:101:12)
        at TestScheduler.scheduleTests (C:\Users\Sunith K\OneDrive\Documents\ngo\career-chatbot\node_modules\@jest\core\build\TestScheduler.js:333:13)
        at runJest (C:\Users\Sunith K\OneDrive\Documents\ngo\career-chatbot\node_modules\@jest\core\build\runJest.js:404:19)
        at _run10000 (C:\Users\Sunith K\OneDrive\Documents\ngo\career-chatbot\node_modules\@jest\core\build\cli\index.js:320:7)
        at runCLI (C:\Users\Sunith K\OneDrive\Documents\ngo\career-chatbot\node_modules\@jest\core\build\cli\index.js:173:3)
        at Object.run (C:\Users\Sunith K\OneDrive\Documents\ngo\career-chatbot\node_modules\jest-cli\build\cli\index.js:155:37) undefined

    [0m [90m 10 |[39m   useEffect(() [33m=>[39m {
     [90m 11 |[39m     [36mconst[39m canvas [33m=[39m canvasRef[33m.[39mcurrent[33m;[39m
    [31m[1m>[22m[39m[90m 12 |[39m     [36mconst[39m ctx [33m=[39m canvas[33m.[39mgetContext([32m"2d"[39m)[33m;[39m
     [90m    |[39m                        [31m[1m^[22m[39m
     [90m 13 |[39m
     [90m 14 |[39m     [36mconst[39m [33mCOLOR[39m [33m=[39m particleThemes[activeField] [33m||[39m particleThemes[33m.[39m[36mdefault[39m[33m;[39m
     [90m 15 |[39m     [36mconst[39m [33mPARTICLE_COUNT[39m [33m=[39m [35m100[39m[33m;[39m[0m

      at VirtualConsole.<anonymous> (node_modules/jsdom/lib/jsdom/virtual-console.js:29:45)
      at module.exports (node_modules/jsdom/lib/jsdom/browser/not-implemented.js:12:26)
      at HTMLCanvasElementImpl.getContext (node_modules/jsdom/lib/jsdom/living/nodes/HTMLCanvasElement-impl.js:42:5)
      at HTMLCanvasElement.getContext (node_modules/jsdom/lib/jsdom/living/generated/HTMLCanvasElement.js:131:58)
      at src/components/ParticleConstellation.jsx:12:24
      at Object.react_stack_bottom_frame (node_modules/react-dom/cjs/react-dom-client.development.js:25989:20)
      at runWithFiberInDEV (node_modules/react-dom/cjs/react-dom-client.development.js:874:13)
      at commitHookEffectListMount (node_modules/react-dom/cjs/react-dom-client.development.js:13249:29)
      at commitHookPassiveMountEffects (node_modules/react-dom/cjs/react-dom-client.development.js:13336:11)
      at commitPassiveMountOnFiber (node_modules/react-dom/cjs/react-dom-client.development.js:15484:13)
      at recursivelyTraversePassiveMountEffects (node_modules/react-dom/cjs/react-dom-client.development.js:15439:11)
      at commitPassiveMountOnFiber (node_modules/react-dom/cjs/react-dom-client.development.js:15476:11)
      at recursivelyTraversePassiveMountEffects (node_modules/react-dom/cjs/react-dom-client.development.js:15439:11)
      at commitPassiveMountOnFiber (node_modules/react-dom/cjs/react-dom-client.development.js:15519:11)
      at flushPassiveEffects (node_modules/react-dom/cjs/react-dom-client.development.js:18432:9)
      at node_modules/react-dom/cjs/react-dom-client.development.js:17923:15
      at flushActQueue (node_modules/react/cjs/react.development.js:590:34)
      at Object.<anonymous>.process.env.NODE_ENV.exports.act (node_modules/react/cjs/react.development.js:884:10)
      at node_modules/@testing-library/react/dist/act-compat.js:46:25
      at renderRoot (node_modules/@testing-library/react/dist/pure.js:189:26)
      at render (node_modules/@testing-library/react/dist/pure.js:291:10)
      at Object.<anonymous> (src/App.test.js:5:9)
      at TestScheduler.scheduleTests (node_modules/@jest/core/build/TestScheduler.js:333:13)
      at runJest (node_modules/@jest/core/build/runJest.js:404:19)
      at _run10000 (node_modules/@jest/core/build/cli/index.js:320:7)
      at runCLI (node_modules/@jest/core/build/cli/index.js:173:3)

  console.error
    Error: Not implemented: HTMLCanvasElement.prototype.getContext (without installing the canvas npm package)
        at module.exports (C:\Users\Sunith K\OneDrive\Documents\ngo\career-chatbot\node_modules\jsdom\lib\jsdom\browser\not-implemented.js:9:17)
        at HTMLCanvasElementImpl.getContext (C:\Users\Sunith K\OneDrive\Documents\ngo\career-chatbot\node_modules\jsdom\lib\jsdom\living\nodes\HTMLCanvasElement-impl.js:42:5)
        at HTMLCanvasElement.getContext (C:\Users\Sunith K\OneDrive\Documents\ngo\career-chatbot\node_modules\jsdom\lib\jsdom\living\generated\HTMLCanvasElement.js:131:58)
        at C:\Users\Sunith K\OneDrive\Documents\ngo\career-chatbot\src\components\CursorTrail.jsx:10:24
        at Object.react_stack_bottom_frame (C:\Users\Sunith K\OneDrive\Documents\ngo\career-chatbot\node_modules\react-dom\cjs\react-dom-client.development.js:25989:20)
        at runWithFiberInDEV (C:\Users\Sunith K\OneDrive\Documents\ngo\career-chatbot\node_modules\react-dom\cjs\react-dom-client.development.js:874:13)
        at commitHookEffectListMount (C:\Users\Sunith K\OneDrive\Documents\ngo\career-chatbot\node_modules\react-dom\cjs\react-dom-client.development.js:13249:29)
        at commitHookPassiveMountEffects (C:\Users\Sunith K\OneDrive\Documents\ngo\career-chatbot\node_modules\react-dom\cjs\react-dom-client.development.js:13336:11)
        at commitPassiveMountOnFiber (C:\Users\Sunith K\OneDrive\Documents\ngo\career-chatbot\node_modules\react-dom\cjs\react-dom-client.development.js:15484:13)
        at recursivelyTraversePassiveMountEffects (C:\Users\Sunith K\OneDrive\Documents\ngo\career-chatbot\node_modules\react-dom\cjs\react-dom-client.development.js:15439:11)
        at commitPassiveMountOnFiber (C:\Users\Sunith K\OneDrive\Documents\ngo\career-chatbot\node_modules\react-dom\cjs\react-dom-client.development.js:15476:11)
        at recursivelyTraversePassiveMountEffects (C:\Users\Sunith K\OneDrive\Documents\ngo\career-chatbot\node_modules\react-dom\cjs\react-dom-client.development.js:15439:11)
        at commitPassiveMountOnFiber (C:\Users\Sunith K\OneDrive\Documents\ngo\career-chatbot\node_modules\react-dom\cjs\react-dom-client.development.js:15519:11)
        at flushPassiveEffects (C:\Users\Sunith K\OneDrive\Documents\ngo\career-chatbot\node_modules\react-dom\cjs\react-dom-client.development.js:18432:9)
        at C:\Users\Sunith K\OneDrive\Documents\ngo\career-chatbot\node_modules\react-dom\cjs\react-dom-client.development.js:17923:15
        at flushActQueue (C:\Users\Sunith K\OneDrive\Documents\ngo\career-chatbot\node_modules\react\cjs\react.development.js:590:34)
        at Object.<anonymous>.process.env.NODE_ENV.exports.act (C:\Users\Sunith K\OneDrive\Documents\ngo\career-chatbot\node_modules\react\cjs\react.development.js:884:10)
        at C:\Users\Sunith K\OneDrive\Documents\ngo\career-chatbot\node_modules\@testing-library\react\dist\act-compat.js:46:25
        at renderRoot (C:\Users\Sunith K\OneDrive\Documents\ngo\career-chatbot\node_modules\@testing-library\react\dist\pure.js:189:26)
        at render (C:\Users\Sunith K\OneDrive\Documents\ngo\career-chatbot\node_modules\@testing-library\react\dist\pure.js:291:10)
        at Object.<anonymous> (C:\Users\Sunith K\OneDrive\Documents\ngo\career-chatbot\src\App.test.js:5:9)
        at Promise.then.completed (C:\Users\Sunith K\OneDrive\Documents\ngo\career-chatbot\node_modules\jest-circus\build\utils.js:391:28)
        at new Promise (<anonymous>)
        at callAsyncCircusFn (C:\Users\Sunith K\OneDrive\Documents\ngo\career-chatbot\node_modules\jest-circus\build\utils.js:316:10)
        at _callCircusTest (C:\Users\Sunith K\OneDrive\Documents\ngo\career-chatbot\node_modules\jest-circus\build\run.js:218:40)
        at processTicksAndRejections (node:internal/process/task_queues:103:5)
        at _runTest (C:\Users\Sunith K\OneDrive\Documents\ngo\career-chatbot\node_modules\jest-circus\build\run.js:155:3)
        at _runTestsForDescribeBlock (C:\Users\Sunith K\OneDrive\Documents\ngo\career-chatbot\node_modules\jest-circus\build\run.js:66:9)
        at run (C:\Users\Sunith K\OneDrive\Documents\ngo\career-chatbot\node_modules\jest-circus\build\run.js:25:3)
        at runAndTransformResultsToJestFormat (C:\Users\Sunith K\OneDrive\Documents\ngo\career-chatbot\node_modules\jest-circus\build\legacy-code-todo-rewrite\jestAdapterInit.js:170:21)
        at jestAdapter (C:\Users\Sunith K\OneDrive\Documents\ngo\career-chatbot\node_modules\jest-circus\build\legacy-code-todo-rewrite\jestAdapter.js:82:19)
        at runTestInternal (C:\Users\Sunith K\OneDrive\Documents\ngo\career-chatbot\node_modules\jest-runner\build\runTest.js:389:16)
        at runTest (C:\Users\Sunith K\OneDrive\Documents\ngo\career-chatbot\node_modules\jest-runner\build\runTest.js:475:34)
        at TestRunner.runTests (C:\Users\Sunith K\OneDrive\Documents\ngo\career-chatbot\node_modules\jest-runner\build\index.js:101:12)
        at TestScheduler.scheduleTests (C:\Users\Sunith K\OneDrive\Documents\ngo\career-chatbot\node_modules\@jest\core\build\TestScheduler.js:333:13)
        at runJest (C:\Users\Sunith K\OneDrive\Documents\ngo\career-chatbot\node_modules\@jest\core\build\runJest.js:404:19)
        at _run10000 (C:\Users\Sunith K\OneDrive\Documents\ngo\career-chatbot\node_modules\@jest\core\build\cli\index.js:320:7)
        at runCLI (C:\Users\Sunith K\OneDrive\Documents\ngo\career-chatbot\node_modules\@jest\core\build\cli\index.js:173:3)
        at Object.run (C:\Users\Sunith K\OneDrive\Documents\ngo\career-chatbot\node_modules\jest-cli\build\cli\index.js:155:37) undefined

    [0m [90m  8 |[39m   useEffect(() [33m=>[39m {
     [90m  9 |[39m     [36mconst[39m canvas [33m=[39m canvasRef[33m.[39mcurrent[33m;[39m
    [31m[1m>[22m[39m[90m 10 |[39m     [36mconst[39m ctx [33m=[39m canvas[33m.[39mgetContext([32m"2d"[39m)[33m;[39m
     [90m    |[39m                        [31m[1m^[22m[39m
     [90m 11 |[39m
     [90m 12 |[39m     [36mconst[39m resize [33m=[39m () [33m=>[39m {
     [90m 13 |[39m       canvas[33m.[39mwidth [33m=[39m window[33m.[39minnerWidth[33m;[39m[0m

      at VirtualConsole.<anonymous> (node_modules/jsdom/lib/jsdom/virtual-console.js:29:45)
      at module.exports (node_modules/jsdom/lib/jsdom/browser/not-implemented.js:12:26)
      at HTMLCanvasElementImpl.getContext (node_modules/jsdom/lib/jsdom/living/nodes/HTMLCanvasElement-impl.js:42:5)
      at HTMLCanvasElement.getContext (node_modules/jsdom/lib/jsdom/living/generated/HTMLCanvasElement.js:131:58)
      at src/components/CursorTrail.jsx:10:24
      at Object.react_stack_bottom_frame (node_modules/react-dom/cjs/react-dom-client.development.js:25989:20)
      at runWithFiberInDEV (node_modules/react-dom/cjs/react-dom-client.development.js:874:13)
      at commitHookEffectListMount (node_modules/react-dom/cjs/react-dom-client.development.js:13249:29)
      at commitHookPassiveMountEffects (node_modules/react-dom/cjs/react-dom-client.development.js:13336:11)
      at commitPassiveMountOnFiber (node_modules/react-dom/cjs/react-dom-client.development.js:15484:13)
      at recursivelyTraversePassiveMountEffects (node_modules/react-dom/cjs/react-dom-client.development.js:15439:11)
      at commitPassiveMountOnFiber (node_modules/react-dom/cjs/react-dom-client.development.js:15476:11)
      at recursivelyTraversePassiveMountEffects (node_modules/react-dom/cjs/react-dom-client.development.js:15439:11)
      at commitPassiveMountOnFiber (node_modules/react-dom/cjs/react-dom-client.development.js:15519:11)
      at flushPassiveEffects (node_modules/react-dom/cjs/react-dom-client.development.js:18432:9)
      at node_modules/react-dom/cjs/react-dom-client.development.js:17923:15
      at flushActQueue (node_modules/react/cjs/react.development.js:590:34)
      at Object.<anonymous>.process.env.NODE_ENV.exports.act (node_modules/react/cjs/react.development.js:884:10)
      at node_modules/@testing-library/react/dist/act-compat.js:46:25
      at renderRoot (node_modules/@testing-library/react/dist/pure.js:189:26)
      at render (node_modules/@testing-library/react/dist/pure.js:291:10)
      at Object.<anonymous> (src/App.test.js:5:9)
      at TestScheduler.scheduleTests (node_modules/@jest/core/build/TestScheduler.js:333:13)
      at runJest (node_modules/@jest/core/build/runJest.js:404:19)
      at _run10000 (node_modules/@jest/core/build/cli/index.js:320:7)
      at runCLI (node_modules/@jest/core/build/cli/index.js:173:3)

node.exe : FAIL 
src/App.test.js
At line:1 char:1
+ & "C:\Program Files
\nodejs/node.exe" 
"C:\Program 
Files\nodejs/node_mo 
...
+ ~~~~~~~~~~~~~~~~~~~
~~~~~~~~~~~~~~~~~~~~~
~~~~~~~~~~~~~~~~~~~~~
~~~~~~~~
    + CategoryInfo   
           : NotSpe  
  cified: (FAIL sr   
 c/App.test.js:St    
ring) [], Remote    
Exception
    + FullyQualified 
   ErrorId : Native  
  CommandError
 
  ├ù renders career 
guidance chatbot 
(101 ms)

  ΓùÅ renders career 
guidance chatbot

    AggregateError:

    [0m [90m 3 
|[39m
     [90m 4 |[39m 
test([32m'renders 
career guidance chatb
ot'[39m[33m,[39m 
() [33m=>[39m {
    [31m[1m>[22m[
39m[90m 5 |[39m   r
ender([33m<[39m[33
mApp[39m [33m/[39m
[33m>[39m)[33m;[3
9m
     [90m   |[39m  
       
[31m[1m^[22m[39m
     [90m 6 |[39m  
 [36mconst[39m 
headerElement 
[33m=[39m screen[3
3m.[39mgetByText([3
5m/Career Counseling 
Assistant/i[39m)[33
m;[39m
     [90m 7 |[39m  
 expect(headerElement
)[33m.[39mtoBeInThe
Document()[33m;[39m
     [90m 8 |[39m 
})[33m;[39m[0m

      at 
aggregateErrors (node
_modules/react/cjs/re
act.development.js:55
1:11)
      at Object.<anon
ymous>.process.env.NO
DE_ENV.exports.act (n
ode_modules/react/cjs
/react.development.js
:897:24)
      at node_modules
/@testing-library/rea
ct/dist/act-compat.js
:46:25
      at renderRoot (
node_modules/@testing
-library/react/dist/p
ure.js:189:26)
      at render (node
_modules/@testing-lib
rary/react/dist/pure.
js:291:10)
      at 
Object.<anonymous> 
(src/App.test.js:5:9)
      at TestSchedule
r.scheduleTests (node
_modules/@jest/core/b
uild/TestScheduler.js
:333:13)
      at runJest (nod
e_modules/@jest/core/
build/runJest.js:404:
19)
      at _run10000 (n
ode_modules/@jest/cor
e/build/cli/index.js:
320:7)
      at runCLI (node
_modules/@jest/core/b
uild/cli/index.js:173
:3)

Test Suites: 1 
failed, 1 total
Tests:       1 
failed, 1 total
Snapshots:   0 total
Time:        2.819 
s, estimated 3 s
Ran all test suites.
